Running tests ...
[1A[KRunning 28 tests in 1 runtime ...
[1A[K[1m[32m28 tests, 133 assertions, 1 runtime ... OK[0m
